Repo card metadata block was not found. Setting CardData to empty.
urllib3.exceptions.ResponseError: too many 500 error responses

The above exception was the direct cause of the following exception:

Traceback (most recent call last):
  File "/home/asad/task1/venv/lib/python3.10/site-packages/requests/adapters.py", line 667, in send
    resp = conn.urlopen(
  File "/home/asad/task1/venv/lib/python3.10/site-packages/urllib3/connectionpool.py", line 942, in urlopen
    return self.urlopen(
  File "/home/asad/task1/venv/lib/python3.10/site-packages/urllib3/connectionpool.py", line 942, in urlopen
    return self.urlopen(
  File "/home/asad/task1/venv/lib/python3.10/site-packages/urllib3/connectionpool.py", line 942, in urlopen
    return self.urlopen(
  [Previous line repeated 4 more times]
  File "/home/asad/task1/venv/lib/python3.10/site-packages/urllib3/connectionpool.py", line 932, in urlopen
    retries = retries.increment(method, url, response=response, _pool=self)
  File "/home/asad/task1/venv/lib/python3.10/site-packages/urllib3/util/retry.py", line 519, in increment
    raise MaxRetryError(_pool, url, reason) from reason  # type: ignore[arg-type]
urllib3.exceptions.MaxRetryError: HTTPConnectionPool(host='127.0.0.1', port=5000): Max retries exceeded with url: /api/2.0/mlflow/runs/log-batch (Caused by ResponseError('too many 500 error responses'))

During handling of the above exception, another exception occurred:

Traceback (most recent call last):
  File "/home/asad/task1/venv/lib/python3.10/site-packages/mlflow/utils/rest_utils.py", line 230, in http_request
    return _get_http_response_with_retries(
  File "/home/asad/task1/venv/lib/python3.10/site-packages/mlflow/utils/request_utils.py", line 237, in _get_http_response_with_retries
    return session.request(method, url, allow_redirects=allow_redirects, **kwargs)
  File "/home/asad/task1/venv/lib/python3.10/site-packages/requests/sessions.py", line 589, in request
    resp = self.send(prep, **send_kwargs)
  File "/home/asad/task1/venv/lib/python3.10/site-packages/requests/sessions.py", line 703, in send
    r = adapter.send(request, **kwargs)
  File "/home/asad/task1/venv/lib/python3.10/site-packages/requests/adapters.py", line 691, in send
    raise RetryError(e, request=request)
requests.exceptions.RetryError: HTTPConnectionPool(host='127.0.0.1', port=5000): Max retries exceeded with url: /api/2.0/mlflow/runs/log-batch (Caused by ResponseError('too many 500 error responses'))

During handling of the above exception, another exception occurred:

Traceback (most recent call last):
  File "/usr/lib/python3.10/runpy.py", line 196, in _run_module_as_main
    return _run_code(code, main_globals, None,
  File "/usr/lib/python3.10/runpy.py", line 86, in _run_code
    exec(code, run_globals)
  File "/home/asad/task1/vae_train/train.py", line 21, in <module>
    mlflow.log_params({
  File "/home/asad/task1/venv/lib/python3.10/site-packages/mlflow/tracking/fluent.py", line 1167, in log_params
    return MlflowClient().log_batch(
  File "/home/asad/task1/venv/lib/python3.10/site-packages/mlflow/tracking/client.py", line 2378, in log_batch
    return self._tracking_client.log_batch(
  File "/home/asad/task1/venv/lib/python3.10/site-packages/mlflow/tracking/_tracking_service/client.py", line 531, in log_batch
    self.store.log_batch(
  File "/home/asad/task1/venv/lib/python3.10/site-packages/mlflow/store/tracking/rest_store.py", line 886, in log_batch
    self._call_endpoint(LogBatch, req_body)
  File "/home/asad/task1/venv/lib/python3.10/site-packages/mlflow/store/tracking/rest_store.py", line 135, in _call_endpoint
    return call_endpoint(
  File "/home/asad/task1/venv/lib/python3.10/site-packages/mlflow/utils/rest_utils.py", line 592, in call_endpoint
    response = http_request(**call_kwargs)
  File "/home/asad/task1/venv/lib/python3.10/site-packages/mlflow/utils/rest_utils.py", line 253, in http_request
    raise MlflowException(f"API request to {url} failed with exception {e}")
mlflow.exceptions.MlflowException: API request to http://127.0.0.1:5000/api/2.0/mlflow/runs/log-batch failed with exception HTTPConnectionPool(host='127.0.0.1', port=5000): Max retries exceeded with url: /api/2.0/mlflow/runs/log-batch (Caused by ResponseError('too many 500 error responses'))
Using device: cuda:1
Loaded Hugging Face dataset with length: 1000
🏃 View run vae_run at: http://127.0.0.1:5000/#/experiments/290719924954639557/runs/a09e56492b9e4607a2490588db3b8f5c
🧪 View experiment at: http://127.0.0.1:5000/#/experiments/290719924954639557
